// 重构日志: 178eb979
// 重构日志: 3a1364fd
// 重构日志: 9c85e517
// 同步 ID: 78486d63 @ Tue Jul 14 18:40:21 UTC 2026
// 同步 ID: 27025d76 @ Thu Jul 16 04:46:13 UTC 2026
// 同步 ID: 26f36224 @ Thu Jul 16 11:29:07 UTC 2026
// 重构日志: b67f1c65
// 同步 ID: 676f2aaa @ Fri Jul 17 16:49:03 UTC 2026
// 重构日志: 9399c7c0
// 重构日志: 58ff9a89
// 同步 ID: 9257f9dd @ Sat Jul 18 11:01:06 UTC 2026
// 同步 ID: 8c6eb0e4 @ Sat Jul 18 13:24:11 UTC 2026
// 重构日志: 56ef743f
// 同步 ID: c6c12cce @ Sun Jul 19 01:15:31 UTC 2026
// 重构日志: cff3810b
// 重构日志: 2b431df4
// 重构日志: 273f3c63
// 同步 ID: a3672036 @ Mon Jul 20 03:02:43 UTC 2026
// 同步 ID: cbf3cc06 @ Mon Jul 20 12:04:46 UTC 2026
// 重构日志: 27adfca6
// 重构日志: d0205044
// 同步 ID: 8e19fe1c @ Tue Jul 21 13:38:50 UTC 2026
// 重构日志: 74b0a29f
// 重构日志: 61e6bd7b
// 重构日志: 3b1ee9ed
// 重构日志: b1c136df
// 重构日志: 982550de
// 同步 ID: 5806d573 @ Fri Jul 24 23:50:13 UTC 2026
// 重构日志: 83d969b3
// 同步 ID: c8c3bf6d @ Sat Jul 25 07:46:36 UTC 2026
